public static final ChaffLauncher CHAFF_LAUNCHER_0_I = new ChaffLauncher("CHAFF_LAUNCHER_0_I", HorizonsBlueprintName.CHAFF_LAUNCHER, ModuleSize.SIZE_0, ModuleClass.I, false, 8500, "Hpt_ChaffLauncher_Tiny", Map.ofEntries(Map.entry(HorizonsModifier.MASS,  1.3), Map.entry(HorizonsModifier.INTEGRITY,  20.0), Map.entry(HorizonsModifier.POWER_DRAW,  0.2), Map.entry(HorizonsModifier.BOOT_TIME,  0.0), Map.entry(HorizonsModifier.DISTRIBUTOR_DRAW,  4.0), Map.entry(HorizonsModifier.THERMAL_LOAD,  4.0), Map.entry(HorizonsModifier.RATE_OF_FIRE,  1.0), Map.entry(HorizonsModifier.bstint,  1.0), Map.entry(HorizonsModifier.AMMO_CLIP_SIZE,  1.0), Map.entry(HorizonsModifier.AMMO_MAXIMUM,  10.0), Map.entry(HorizonsModifier.RELOAD_TIME,  10.0), Map.entry(HorizonsModifier.JAM_DURATION,  20.0)));
public static final ElectronicCountermeasure ELECTRONIC_COUNTERMEASURE_0_F = new ElectronicCountermeasure("ELECTRONIC_COUNTERMEASURE_0_F", HorizonsBlueprintName.ELECTRONIC_COUNTERMEASURE, ModuleSize.SIZE_0, ModuleClass.F, false, 12500, "Hpt_ElectronicCountermeasure_Tiny", Map.ofEntries(Map.entry(HorizonsModifier.MASS,  1.3), Map.entry(HorizonsModifier.INTEGRITY,  20.0), Map.entry(HorizonsModifier.POWER_DRAW,  0.2), Map.entry(HorizonsModifier.BOOT_TIME,  0.0), Map.entry(HorizonsModifier.ECM_RANGE,  3000.0), Map.entry(HorizonsModifier.ECM_TIME_TO_CHARGE,  3.0), Map.entry(HorizonsModifier.ECM_ACTIVE_POWER_CONSUMPTION,  4.0), Map.entry(HorizonsModifier.ECM_HEAT,  4.0), Map.entry(HorizonsModifier.ECM_COOLDOWN,  10.0)));
public static final ShutdownFieldNeutraliser SHUTDOWN_FIELD_NEUTRALISER_0_F = new ShutdownFieldNeutraliser("SHUTDOWN_FIELD_NEUTRALISER_0_F", HorizonsBlueprintName.SHUTDOWN_FIELD_NEUTRALISER, ModuleSize.SIZE_0, ModuleClass.F, false, 63000, "Hpt_AntiUnknownShutdown_Tiny", Map.ofEntries(Map.entry(HorizonsModifier.MASS,  1.3), Map.entry(HorizonsModifier.INTEGRITY,  35.0), Map.entry(HorizonsModifier.POWER_DRAW,  0.2), Map.entry(HorizonsModifier.BOOT_TIME,  0.0), Map.entry(HorizonsModifier.DISRUPTION_BARRIER_RANGE,  3000.0), Map.entry(HorizonsModifier.DISRUPTION_BARRIER_CHARGE_DURATION,  1.0), Map.entry(HorizonsModifier.DISRUPTION_BARRIER_ACTIVE_POWER,  0.25), Map.entry(HorizonsModifier.DISRUPTION_BARRIER_COOLDOWN,  10.0)));
public static final ThargoidPulseNeutraliser THARGOID_PULSE_NEUTRALISER_0_E = new ThargoidPulseNeutraliser("THARGOID_PULSE_NEUTRALISER_0_E", HorizonsBlueprintName.THARGOID_PULSE_NEUTRALISER, ModuleSize.SIZE_0, ModuleClass.E, false, 0, "Hpt_AntiUnknownShutdown_Tiny_V2", Map.ofEntries(Map.entry(HorizonsModifier.MASS,  3.0), Map.entry(HorizonsModifier.INTEGRITY,  70.0), Map.entry(HorizonsModifier.POWER_DRAW,  0.4), Map.entry(HorizonsModifier.BOOT_TIME,  0.0), Map.entry(HorizonsModifier.DISRUPTION_BARRIER_RANGE,  0.0), Map.entry(HorizonsModifier.DISRUPTION_BARRIER_CHARGE_DURATION,  2.0), Map.entry(HorizonsModifier.DISRUPTION_BARRIER_ACTIVE_POWER,  0.33), Map.entry(HorizonsModifier.DISRUPTION_BARRIER_COOLDOWN,  10.0)));
public static final XenoScanner XENO_SCANNER_0_E = new XenoScanner("XENO_SCANNER_0_E", HorizonsBlueprintName.XENO_SCANNER, ModuleSize.SIZE_0, ModuleClass.E, false, 365700, "Hpt_XenoScanner_Basic_Tiny", Map.ofEntries(Map.entry(HorizonsModifier.MASS,  1.3), Map.entry(HorizonsModifier.INTEGRITY,  56.0), Map.entry(HorizonsModifier.POWER_DRAW,  0.2), Map.entry(HorizonsModifier.BOOT_TIME,  2.0), Map.entry(HorizonsModifier.SCANNER_RANGE,  500.0), Map.entry(HorizonsModifier.MAX_ANGLE,  23.0), Map.entry(HorizonsModifier.SCAN_TIME,  10.0)));
public static final EnhancedXenoScanner ENHANCED_XENO_SCANNER_0_C = new EnhancedXenoScanner("ENHANCED_XENO_SCANNER_0_C", HorizonsBlueprintName.ENHANCED_XENO_SCANNER, ModuleSize.SIZE_0, ModuleClass.C, false, 745950, "Hpt_XenoScannerMk2_Basic_Tiny", Map.ofEntries(Map.entry(HorizonsModifier.MASS,  1.3), Map.entry(HorizonsModifier.INTEGRITY,  56.0), Map.entry(HorizonsModifier.POWER_DRAW,  0.8), Map.entry(HorizonsModifier.BOOT_TIME,  2.0), Map.entry(HorizonsModifier.SCANNER_RANGE,  2000.0), Map.entry(HorizonsModifier.MAX_ANGLE,  23.0), Map.entry(HorizonsModifier.SCAN_TIME,  10.0)));
public static final PulseWaveXenoScanner PULSE_WAVE_XENO_SCANNER_0_C = new PulseWaveXenoScanner("PULSE_WAVE_XENO_SCANNER_0_C", HorizonsBlueprintName.PULSE_WAVE_XENO_SCANNER, ModuleSize.SIZE_0, ModuleClass.C, false, 850000, "Hpt_XenoScanner_Advanced_Tiny", Map.ofEntries(Map.entry(HorizonsModifier.MASS,  3.0), Map.entry(HorizonsModifier.INTEGRITY,  100.0), Map.entry(HorizonsModifier.POWER_DRAW,  1.0), Map.entry(HorizonsModifier.BOOT_TIME,  2.0), Map.entry(HorizonsModifier.SCANNER_RANGE,  1000.0), Map.entry(HorizonsModifier.MAX_ANGLE,  23.0), Map.entry(HorizonsModifier.SCAN_TIME,  10.0)));
public static final HeatSinkLauncher HEAT_SINK_LAUNCHER_0_I = new HeatSinkLauncher("HEAT_SINK_LAUNCHER_0_I", HorizonsBlueprintName.HEAT_SINK_LAUNCHER, ModuleSize.SIZE_0, ModuleClass.I, false, 3500, "Hpt_HeatSinkLauncher_Turret_Tiny", Map.ofEntries(Map.entry(HorizonsModifier.MASS,  1.3), Map.entry(HorizonsModifier.INTEGRITY,  45.0), Map.entry(HorizonsModifier.POWER_DRAW,  0.2), Map.entry(HorizonsModifier.BOOT_TIME,  0.0), Map.entry(HorizonsModifier.DISTRIBUTOR_DRAW,  2.0), Map.entry(HorizonsModifier.RATE_OF_FIRE,  0.2), Map.entry(HorizonsModifier.bstint,  5.0), Map.entry(HorizonsModifier.AMMO_CLIP_SIZE,  1.0), Map.entry(HorizonsModifier.AMMO_MAXIMUM,  2.0), Map.entry(HorizonsModifier.RELOAD_TIME,  10.0), Map.entry(HorizonsModifier.HEATSINK_DURATION,  10.0), Map.entry(HorizonsModifier.THERMAL_DRAIN,  100.0)));
public static final CausticSinkLauncher CAUSTIC_SINK_LAUNCHER_0_I = new CausticSinkLauncher("CAUSTIC_SINK_LAUNCHER_0_I", HorizonsBlueprintName.CAUSTIC_SINK_LAUNCHER, ModuleSize.SIZE_0, ModuleClass.I, false, 50000, "Hpt_CausticSinkLauncher_Turret_Tiny", Map.ofEntries(Map.entry(HorizonsModifier.MASS,  1.7), Map.entry(HorizonsModifier.INTEGRITY,  45.0), Map.entry(HorizonsModifier.POWER_DRAW,  0.6), Map.entry(HorizonsModifier.BOOT_TIME,  0.0), Map.entry(HorizonsModifier.DISTRIBUTOR_DRAW,  2.0), Map.entry(HorizonsModifier.RATE_OF_FIRE,  0.2), Map.entry(HorizonsModifier.bstint,  5.0), Map.entry(HorizonsModifier.AMMO_CLIP_SIZE,  1.0), Map.entry(HorizonsModifier.AMMO_MAXIMUM,  5.0), Map.entry(HorizonsModifier.RELOAD_TIME,  10.0)));
public static final KillWarrantScanner KILL_WARRANT_SCANNER_0_E = new KillWarrantScanner("KILL_WARRANT_SCANNER_0_E", HorizonsBlueprintName.KILL_WARRANT_SCANNER, ModuleSize.SIZE_0, ModuleClass.E, false, 13540, "Hpt_CrimeScanner_Size0_Class1", Map.ofEntries(Map.entry(HorizonsModifier.MASS,  1.3), Map.entry(HorizonsModifier.INTEGRITY,  32.0), Map.entry(HorizonsModifier.POWER_DRAW,  0.2), Map.entry(HorizonsModifier.BOOT_TIME,  2.0), Map.entry(HorizonsModifier.SCANNER_RANGE,  2000.0), Map.entry(HorizonsModifier.MAX_ANGLE,  15.0), Map.entry(HorizonsModifier.SCAN_TIME,  10.0)));
public static final KillWarrantScanner KILL_WARRANT_SCANNER_0_D = new KillWarrantScanner("KILL_WARRANT_SCANNER_0_D", HorizonsBlueprintName.KILL_WARRANT_SCANNER, ModuleSize.SIZE_0, ModuleClass.D, false, 40630, "Hpt_CrimeScanner_Size0_Class2", Map.ofEntries(Map.entry(HorizonsModifier.MASS,  1.3), Map.entry(HorizonsModifier.INTEGRITY,  24.0), Map.entry(HorizonsModifier.POWER_DRAW,  0.4), Map.entry(HorizonsModifier.BOOT_TIME,  2.0), Map.entry(HorizonsModifier.SCANNER_RANGE,  2500.0), Map.entry(HorizonsModifier.MAX_ANGLE,  15.0), Map.entry(HorizonsModifier.SCAN_TIME,  10.0)));
public static final KillWarrantScanner KILL_WARRANT_SCANNER_0_C = new KillWarrantScanner("KILL_WARRANT_SCANNER_0_C", HorizonsBlueprintName.KILL_WARRANT_SCANNER, ModuleSize.SIZE_0, ModuleClass.C, false, 121900, "Hpt_CrimeScanner_Size0_Class3", Map.ofEntries(Map.entry(HorizonsModifier.MASS,  1.3), Map.entry(HorizonsModifier.INTEGRITY,  40.0), Map.entry(HorizonsModifier.POWER_DRAW,  0.8), Map.entry(HorizonsModifier.BOOT_TIME,  2.0), Map.entry(HorizonsModifier.SCANNER_RANGE,  3000.0), Map.entry(HorizonsModifier.MAX_ANGLE,  15.0), Map.entry(HorizonsModifier.SCAN_TIME,  10.0)));
public static final KillWarrantScanner KILL_WARRANT_SCANNER_0_B = new KillWarrantScanner("KILL_WARRANT_SCANNER_0_B", HorizonsBlueprintName.KILL_WARRANT_SCANNER, ModuleSize.SIZE_0, ModuleClass.B, false, 365700, "Hpt_CrimeScanner_Size0_Class4", Map.ofEntries(Map.entry(HorizonsModifier.MASS,  1.3), Map.entry(HorizonsModifier.INTEGRITY,  56.0), Map.entry(HorizonsModifier.POWER_DRAW,  1.6), Map.entry(HorizonsModifier.BOOT_TIME,  2.0), Map.entry(HorizonsModifier.SCANNER_RANGE,  3500.0), Map.entry(HorizonsModifier.MAX_ANGLE,  15.0), Map.entry(HorizonsModifier.SCAN_TIME,  10.0)));
public static final KillWarrantScanner KILL_WARRANT_SCANNER_0_A = new KillWarrantScanner("KILL_WARRANT_SCANNER_0_A", HorizonsBlueprintName.KILL_WARRANT_SCANNER, ModuleSize.SIZE_0, ModuleClass.A, false, 1097100, "Hpt_CrimeScanner_Size0_Class5", Map.ofEntries(Map.entry(HorizonsModifier.MASS,  1.3), Map.entry(HorizonsModifier.INTEGRITY,  48.0), Map.entry(HorizonsModifier.POWER_DRAW,  3.2), Map.entry(HorizonsModifier.BOOT_TIME,  2.0), Map.entry(HorizonsModifier.SCANNER_RANGE,  4000.0), Map.entry(HorizonsModifier.MAX_ANGLE,  15.0), Map.entry(HorizonsModifier.SCAN_TIME,  10.0)));
public static final ManifestScanner MANIFEST_SCANNER_0_E = new ManifestScanner("MANIFEST_SCANNER_0_E", HorizonsBlueprintName.MANIFEST_SCANNER, ModuleSize.SIZE_0, ModuleClass.E, false, 13540, "Hpt_CargoScanner_Size0_Class1", Map.ofEntries(Map.entry(HorizonsModifier.MASS,  1.3), Map.entry(HorizonsModifier.INTEGRITY,  32.0), Map.entry(HorizonsModifier.POWER_DRAW,  0.2), Map.entry(HorizonsModifier.BOOT_TIME,  3.0), Map.entry(HorizonsModifier.SCANNER_RANGE,  2000.0), Map.entry(HorizonsModifier.MAX_ANGLE,  15.0), Map.entry(HorizonsModifier.SCAN_TIME,  10.0)));
public static final ManifestScanner MANIFEST_SCANNER_0_D = new ManifestScanner("MANIFEST_SCANNER_0_D", HorizonsBlueprintName.MANIFEST_SCANNER, ModuleSize.SIZE_0, ModuleClass.D, false, 40630, "Hpt_CargoScanner_Size0_Class2", Map.ofEntries(Map.entry(HorizonsModifier.MASS,  1.3), Map.entry(HorizonsModifier.INTEGRITY,  24.0), Map.entry(HorizonsModifier.POWER_DRAW,  0.4), Map.entry(HorizonsModifier.BOOT_TIME,  3.0), Map.entry(HorizonsModifier.SCANNER_RANGE,  2500.0), Map.entry(HorizonsModifier.MAX_ANGLE,  15.0), Map.entry(HorizonsModifier.SCAN_TIME,  10.0)));
public static final ManifestScanner MANIFEST_SCANNER_0_C = new ManifestScanner("MANIFEST_SCANNER_0_C", HorizonsBlueprintName.MANIFEST_SCANNER, ModuleSize.SIZE_0, ModuleClass.C, false, 121900, "Hpt_CargoScanner_Size0_Class3", Map.ofEntries(Map.entry(HorizonsModifier.MASS,  1.3), Map.entry(HorizonsModifier.INTEGRITY,  40.0), Map.entry(HorizonsModifier.POWER_DRAW,  0.8), Map.entry(HorizonsModifier.BOOT_TIME,  3.0), Map.entry(HorizonsModifier.SCANNER_RANGE,  3000.0), Map.entry(HorizonsModifier.MAX_ANGLE,  15.0), Map.entry(HorizonsModifier.SCAN_TIME,  10.0)));
public static final ManifestScanner MANIFEST_SCANNER_0_B = new ManifestScanner("MANIFEST_SCANNER_0_B", HorizonsBlueprintName.MANIFEST_SCANNER, ModuleSize.SIZE_0, ModuleClass.B, false, 365700, "Hpt_CargoScanner_Size0_Class4", Map.ofEntries(Map.entry(HorizonsModifier.MASS,  1.3), Map.entry(HorizonsModifier.INTEGRITY,  56.0), Map.entry(HorizonsModifier.POWER_DRAW,  1.6), Map.entry(HorizonsModifier.BOOT_TIME,  3.0), Map.entry(HorizonsModifier.SCANNER_RANGE,  3500.0), Map.entry(HorizonsModifier.MAX_ANGLE,  15.0), Map.entry(HorizonsModifier.SCAN_TIME,  10.0)));
public static final ManifestScanner MANIFEST_SCANNER_0_A = new ManifestScanner("MANIFEST_SCANNER_0_A", HorizonsBlueprintName.MANIFEST_SCANNER, ModuleSize.SIZE_0, ModuleClass.A, false, 1097100, "Hpt_CargoScanner_Size0_Class5", Map.ofEntries(Map.entry(HorizonsModifier.MASS,  1.3), Map.entry(HorizonsModifier.INTEGRITY,  48.0), Map.entry(HorizonsModifier.POWER_DRAW,  3.2), Map.entry(HorizonsModifier.BOOT_TIME,  3.0), Map.entry(HorizonsModifier.SCANNER_RANGE,  4000.0), Map.entry(HorizonsModifier.MAX_ANGLE,  15.0), Map.entry(HorizonsModifier.SCAN_TIME,  10.0)));
public static final PointDefence POINT_DEFENCE_0_I = new PointDefence("POINT_DEFENCE_0_I", HorizonsBlueprintName.POINT_DEFENCE, ModuleSize.SIZE_0, ModuleClass.I, true, Mounting.TURRETED, 18550, "Hpt_PlasmaPointDefence_Turret_Tiny", Map.ofEntries(Map.entry(HorizonsModifier.MASS,  0.5), Map.entry(HorizonsModifier.INTEGRITY,  30.0), Map.entry(HorizonsModifier.POWER_DRAW,  0.2), Map.entry(HorizonsModifier.BOOT_TIME,  0.0), Map.entry(HorizonsModifier.DAMAGE_PER_SECOND,  2.0), Map.entry(HorizonsModifier.DAMAGE,  0.2), Map.entry(HorizonsModifier.THERMAL_LOAD,  0.07), Map.entry(HorizonsModifier.MAXIMUM_RANGE,  2500.0), Map.entry(HorizonsModifier.SHOT_SPEED,  1000.0), Map.entry(HorizonsModifier.RATE_OF_FIRE,  10.0), Map.entry(HorizonsModifier.bstint,  0.2), Map.entry(HorizonsModifier.BURST_RATE_OF_FIRE,  15.0), Map.entry(HorizonsModifier.BURST_SIZE,  4.0), Map.entry(HorizonsModifier.AMMO_CLIP_SIZE,  12.0), Map.entry(HorizonsModifier.AMMO_MAXIMUM,  10000.0), Map.entry(HorizonsModifier.RELOAD_TIME,  0.4), Map.entry(HorizonsModifier.JITTER,  0.75), Map.entry(HorizonsModifier.kinwgt,  100.0)));
public static final PulseWaveAnalyser PULSE_WAVE_ANALYSER_0_E = new PulseWaveAnalyser("PULSE_WAVE_ANALYSER_0_E", HorizonsBlueprintName.PULSE_WAVE_ANALYSER, ModuleSize.SIZE_0, ModuleClass.E, false, 13550, "Hpt_MRAScanner_Size0_Class1", Map.ofEntries(Map.entry(HorizonsModifier.MASS,  1.3), Map.entry(HorizonsModifier.INTEGRITY,  32.0), Map.entry(HorizonsModifier.POWER_DRAW,  0.2), Map.entry(HorizonsModifier.BOOT_TIME,  3.0), Map.entry(HorizonsModifier.SCANNER_RANGE,  12000.0), Map.entry(HorizonsModifier.MAX_ANGLE,  15.0), Map.entry(HorizonsModifier.SCAN_TIME,  3.0)));
public static final PulseWaveAnalyser PULSE_WAVE_ANALYSER_0_D = new PulseWaveAnalyser("PULSE_WAVE_ANALYSER_0_D", HorizonsBlueprintName.PULSE_WAVE_ANALYSER, ModuleSize.SIZE_0, ModuleClass.D, false, 40630, "Hpt_MRAScanner_Size0_Class2", Map.ofEntries(Map.entry(HorizonsModifier.MASS,  1.3), Map.entry(HorizonsModifier.INTEGRITY,  24.0), Map.entry(HorizonsModifier.POWER_DRAW,  0.4), Map.entry(HorizonsModifier.BOOT_TIME,  3.0), Map.entry(HorizonsModifier.SCANNER_RANGE,  15000.0), Map.entry(HorizonsModifier.MAX_ANGLE,  15.0), Map.entry(HorizonsModifier.SCAN_TIME,  3.0)));
public static final PulseWaveAnalyser PULSE_WAVE_ANALYSER_0_C = new PulseWaveAnalyser("PULSE_WAVE_ANALYSER_0_C", HorizonsBlueprintName.PULSE_WAVE_ANALYSER, ModuleSize.SIZE_0, ModuleClass.C, false, 121900, "Hpt_MRAScanner_Size0_Class3", Map.ofEntries(Map.entry(HorizonsModifier.MASS,  1.3), Map.entry(HorizonsModifier.INTEGRITY,  40.0), Map.entry(HorizonsModifier.POWER_DRAW,  0.8), Map.entry(HorizonsModifier.BOOT_TIME,  3.0), Map.entry(HorizonsModifier.SCANNER_RANGE,  18000.0), Map.entry(HorizonsModifier.MAX_ANGLE,  15.0), Map.entry(HorizonsModifier.SCAN_TIME,  3.0)));
public static final PulseWaveAnalyser PULSE_WAVE_ANALYSER_0_B = new PulseWaveAnalyser("PULSE_WAVE_ANALYSER_0_B", HorizonsBlueprintName.PULSE_WAVE_ANALYSER, ModuleSize.SIZE_0, ModuleClass.B, false, 365700, "Hpt_MRAScanner_Size0_Class4", Map.ofEntries(Map.entry(HorizonsModifier.MASS,  1.3), Map.entry(HorizonsModifier.INTEGRITY,  56.0), Map.entry(HorizonsModifier.POWER_DRAW,  1.6), Map.entry(HorizonsModifier.BOOT_TIME,  3.0), Map.entry(HorizonsModifier.SCANNER_RANGE,  21000.0), Map.entry(HorizonsModifier.MAX_ANGLE,  15.0), Map.entry(HorizonsModifier.SCAN_TIME,  3.0)));
public static final PulseWaveAnalyser PULSE_WAVE_ANALYSER_0_A = new PulseWaveAnalyser("PULSE_WAVE_ANALYSER_0_A", HorizonsBlueprintName.PULSE_WAVE_ANALYSER, ModuleSize.SIZE_0, ModuleClass.A, false, 1097100, "Hpt_MRAScanner_Size0_Class5", Map.ofEntries(Map.entry(HorizonsModifier.MASS,  1.3), Map.entry(HorizonsModifier.INTEGRITY,  48.0), Map.entry(HorizonsModifier.POWER_DRAW,  3.2), Map.entry(HorizonsModifier.BOOT_TIME,  3.0), Map.entry(HorizonsModifier.SCANNER_RANGE,  24000.0), Map.entry(HorizonsModifier.MAX_ANGLE,  15.0), Map.entry(HorizonsModifier.SCAN_TIME,  3.0)));
public static final ShieldBooster SHIELD_BOOSTER_0_E = new ShieldBooster("SHIELD_BOOSTER_0_E", HorizonsBlueprintName.SHIELD_BOOSTER, ModuleSize.SIZE_0, ModuleClass.E, true, 10000, "Hpt_ShieldBooster_Size0_Class1", Map.ofEntries(Map.entry(HorizonsModifier.MASS,  0.5), Map.entry(HorizonsModifier.INTEGRITY,  25.0), Map.entry(HorizonsModifier.POWER_DRAW,  0.2), Map.entry(HorizonsModifier.BOOT_TIME,  0.0), Map.entry(HorizonsModifier.SHIELD_BOOST,  4.0), Map.entry(HorizonsModifier.KINETIC_RESISTANCE,  0.0), Map.entry(HorizonsModifier.THERMAL_RESISTANCE,  0.0), Map.entry(HorizonsModifier.EXPLOSIVE_RESISTANCE,  0.0)));
public static final ShieldBooster SHIELD_BOOSTER_0_D = new ShieldBooster("SHIELD_BOOSTER_0_D", HorizonsBlueprintName.SHIELD_BOOSTER, ModuleSize.SIZE_0, ModuleClass.D, true, 23000, "Hpt_ShieldBooster_Size0_Class2", Map.ofEntries(Map.entry(HorizonsModifier.MASS,  1.0), Map.entry(HorizonsModifier.INTEGRITY,  35.0), Map.entry(HorizonsModifier.POWER_DRAW,  0.5), Map.entry(HorizonsModifier.BOOT_TIME,  0.0), Map.entry(HorizonsModifier.SHIELD_BOOST,  8.0), Map.entry(HorizonsModifier.KINETIC_RESISTANCE,  0.0), Map.entry(HorizonsModifier.THERMAL_RESISTANCE,  0.0), Map.entry(HorizonsModifier.EXPLOSIVE_RESISTANCE,  0.0)));
public static final ShieldBooster SHIELD_BOOSTER_0_C = new ShieldBooster("SHIELD_BOOSTER_0_C", HorizonsBlueprintName.SHIELD_BOOSTER, ModuleSize.SIZE_0, ModuleClass.C, true, 53000, "Hpt_ShieldBooster_Size0_Class3", Map.ofEntries(Map.entry(HorizonsModifier.MASS,  2.0), Map.entry(HorizonsModifier.INTEGRITY,  40.0), Map.entry(HorizonsModifier.POWER_DRAW,  0.7), Map.entry(HorizonsModifier.BOOT_TIME,  0.0), Map.entry(HorizonsModifier.SHIELD_BOOST,  12.0), Map.entry(HorizonsModifier.KINETIC_RESISTANCE,  0.0), Map.entry(HorizonsModifier.THERMAL_RESISTANCE,  0.0), Map.entry(HorizonsModifier.EXPLOSIVE_RESISTANCE,  0.0)));
public static final ShieldBooster SHIELD_BOOSTER_0_B = new ShieldBooster("SHIELD_BOOSTER_0_B", HorizonsBlueprintName.SHIELD_BOOSTER, ModuleSize.SIZE_0, ModuleClass.B, true, 122000, "Hpt_ShieldBooster_Size0_Class4", Map.ofEntries(Map.entry(HorizonsModifier.MASS,  3.0), Map.entry(HorizonsModifier.INTEGRITY,  45.0), Map.entry(HorizonsModifier.POWER_DRAW,  1.0), Map.entry(HorizonsModifier.BOOT_TIME,  0.0), Map.entry(HorizonsModifier.SHIELD_BOOST,  16.0), Map.entry(HorizonsModifier.KINETIC_RESISTANCE,  0.0), Map.entry(HorizonsModifier.THERMAL_RESISTANCE,  0.0), Map.entry(HorizonsModifier.EXPLOSIVE_RESISTANCE,  0.0)));
public static final ShieldBooster SHIELD_BOOSTER_0_A = new ShieldBooster("SHIELD_BOOSTER_0_A", HorizonsBlueprintName.SHIELD_BOOSTER, ModuleSize.SIZE_0, ModuleClass.A, true, 281000, "Hpt_ShieldBooster_Size0_Class5", Map.ofEntries(Map.entry(HorizonsModifier.MASS,  3.5), Map.entry(HorizonsModifier.INTEGRITY,  48.0), Map.entry(HorizonsModifier.POWER_DRAW,  1.2), Map.entry(HorizonsModifier.BOOT_TIME,  0.0), Map.entry(HorizonsModifier.SHIELD_BOOST,  20.0), Map.entry(HorizonsModifier.KINETIC_RESISTANCE,  0.0), Map.entry(HorizonsModifier.THERMAL_RESISTANCE,  0.0), Map.entry(HorizonsModifier.EXPLOSIVE_RESISTANCE,  0.0)));
public static final FrameShiftWakeScanner FRAME_SHIFT_WAKE_SCANNER_0_E = new FrameShiftWakeScanner("FRAME_SHIFT_WAKE_SCANNER_0_E", HorizonsBlueprintName.FRAME_SHIFT_WAKE_SCANNER, ModuleSize.SIZE_0, ModuleClass.E, false, 13540, "Hpt_CloudScanner_Size0_Class1", Map.ofEntries(Map.entry(HorizonsModifier.MASS,  1.3), Map.entry(HorizonsModifier.INTEGRITY,  32.0), Map.entry(HorizonsModifier.POWER_DRAW,  0.2), Map.entry(HorizonsModifier.BOOT_TIME,  1.0), Map.entry(HorizonsModifier.SCANNER_RANGE,  2000.0), Map.entry(HorizonsModifier.MAX_ANGLE,  15.0), Map.entry(HorizonsModifier.SCAN_TIME,  10.0)));
public static final FrameShiftWakeScanner FRAME_SHIFT_WAKE_SCANNER_0_D = new FrameShiftWakeScanner("FRAME_SHIFT_WAKE_SCANNER_0_D", HorizonsBlueprintName.FRAME_SHIFT_WAKE_SCANNER, ModuleSize.SIZE_0, ModuleClass.D, false, 40630, "Hpt_CloudScanner_Size0_Class2", Map.ofEntries(Map.entry(HorizonsModifier.MASS,  1.3), Map.entry(HorizonsModifier.INTEGRITY,  24.0), Map.entry(HorizonsModifier.POWER_DRAW,  0.4), Map.entry(HorizonsModifier.BOOT_TIME,  1.0), Map.entry(HorizonsModifier.SCANNER_RANGE,  2500.0), Map.entry(HorizonsModifier.MAX_ANGLE,  15.0), Map.entry(HorizonsModifier.SCAN_TIME,  10.0)));
public static final FrameShiftWakeScanner FRAME_SHIFT_WAKE_SCANNER_0_C = new FrameShiftWakeScanner("FRAME_SHIFT_WAKE_SCANNER_0_C", HorizonsBlueprintName.FRAME_SHIFT_WAKE_SCANNER, ModuleSize.SIZE_0, ModuleClass.C, false, 121900, "Hpt_CloudScanner_Size0_Class3", Map.ofEntries(Map.entry(HorizonsModifier.MASS,  1.3), Map.entry(HorizonsModifier.INTEGRITY,  40.0), Map.entry(HorizonsModifier.POWER_DRAW,  0.8), Map.entry(HorizonsModifier.BOOT_TIME,  1.0), Map.entry(HorizonsModifier.SCANNER_RANGE,  3000.0), Map.entry(HorizonsModifier.MAX_ANGLE,  15.0), Map.entry(HorizonsModifier.SCAN_TIME,  10.0)));
public static final FrameShiftWakeScanner FRAME_SHIFT_WAKE_SCANNER_0_B = new FrameShiftWakeScanner("FRAME_SHIFT_WAKE_SCANNER_0_B", HorizonsBlueprintName.FRAME_SHIFT_WAKE_SCANNER, ModuleSize.SIZE_0, ModuleClass.B, false, 365700, "Hpt_CloudScanner_Size0_Class4", Map.ofEntries(Map.entry(HorizonsModifier.MASS,  1.3), Map.entry(HorizonsModifier.INTEGRITY,  56.0), Map.entry(HorizonsModifier.POWER_DRAW,  1.6), Map.entry(HorizonsModifier.BOOT_TIME,  1.0), Map.entry(HorizonsModifier.SCANNER_RANGE,  3500.0), Map.entry(HorizonsModifier.MAX_ANGLE,  15.0), Map.entry(HorizonsModifier.SCAN_TIME,  10.0)));
public static final FrameShiftWakeScanner FRAME_SHIFT_WAKE_SCANNER_0_A = new FrameShiftWakeScanner("FRAME_SHIFT_WAKE_SCANNER_0_A", HorizonsBlueprintName.FRAME_SHIFT_WAKE_SCANNER, ModuleSize.SIZE_0, ModuleClass.A, false, 1097100, "Hpt_CloudScanner_Size0_Class5", Map.ofEntries(Map.entry(HorizonsModifier.MASS,  1.3), Map.entry(HorizonsModifier.INTEGRITY,  48.0), Map.entry(HorizonsModifier.POWER_DRAW,  3.2), Map.entry(HorizonsModifier.BOOT_TIME,  1.0), Map.entry(HorizonsModifier.SCANNER_RANGE,  4000.0), Map.entry(HorizonsModifier.MAX_ANGLE,  15.0), Map.entry(HorizonsModifier.SCAN_TIME,  10.0)));
